­ƒÜÇ Starting Real Upload Test...
Ôÿü´©Å Cloudinary: Iniciando subida Multipart de test_webp_conversion...
Ôÿü´©Å Enviando 987 bytes (0.00 MB) a Cloudinary...
node : ÔØî 
Cloudinary API Error 
for test_webp_convers
ion: 
{"message":"Invalid 
Signature 13442ba57a3
b061f0f2e92e5597233ca
4aeed2c2. String to 
sign - 'folder=mascot
itas&format=webp&publ
ic_id=test_webp_conve
rsion&timestamp=17654
00723'."}
En línea: 1 
Carácter: 1
+ node --no-warnings 
test-real-upload.js 
> test_output.txt 
2>&1
+ ~~~~~~~~~~~~~~~~~~~
~~~~~~~~~~~~~~~~~~~~~
~~~~~~~~~~~~~~~~~~~~~
    + CategoryInfo   
           : NotSpe  
  cified: (ÔØî Clo   
 udinary ...=1765    
400723'."}:Strin    
g) [], RemoteExc    
eption
    + FullyQualified 
   ErrorId : Native  
  CommandError
 
ÔØî Test Failed: 
Error: Cloudinary 
Error: Invalid 
Signature 13442ba57a3
b061f0f2e92e5597233ca
4aeed2c2. String to 
sign - 'folder=mascot
itas&format=webp&publ
ic_id=test_webp_conve
rsion&timestamp=17654
00723'.
    at IncomingMessag
e.<anonymous> (file:/
//C:/Users/Usuario/On
eDrive/Documentos/con
structor/backend/src/
services/cloudinary.j
s:130:32)
    at 
IncomingMessage.emit 
(node:events:520:35)
    at endReadableNT 
(node:internal/stream
s/readable:1701:12)
    at process.proces
sTicksAndRejections (
node:internal/process
/task_queues:89:21)
